// Jest Snapshot v1, https://goo.gl/fbAQLP

exports[`Output should match snapshot 1`] = `
"[32m[39m
[32m   ╭─────────────────────────────────────────────────────────────╮[39m
[32m   │                                                             │[39m
[32m   │   [37mSwami R Kalagiri /[32m [36mswamikalagiri[32m                          │[39m
[32m   │                                                             │[39m
[32m   │   [37m[1m      Work:[22m[32m  [37mFullStack Developer @ JohnDeere[32m              │[39m
[32m   │   [37m[1m   Twitter:[22m[32m  [36mhttps://twitter.com/swamikalagiri[32m            │[39m
[32m   │   [37m[1m    GitHub:[22m[32m  [36mhttps://github.com/swamikalagiri[32m             │[39m
[32m   │   [37m[1m  LinkedIn:[22m[32m  [36mhttps://www.linkedin.com/in/swamikalagiri/[32m   │[39m
[32m   │   [37m[1m       Web:[22m[32m  [36mhttps://swamikalagiri.com[32m                    │[39m
[32m   │                                                             │[39m
[32m   │   [37m[1m      Card:[22m[32m  [37mnpx swamikalagiri[32m                            │[39m
[32m   │                                                             │[39m
[32m   ╰─────────────────────────────────────────────────────────────╯[39m
[32m[39m"
`;
